// Vitest Snapshot v1, https://vitest.dev/guide/snapshot.html

exports[`ErrorPage > should match snapshot 1`] = `
<div>
  <div
    class="main"
  >
    <div
      class="header"
    >
      <div
        class="logo"
      >
        <span
          class="icon"
        />
        <span
          class="text"
        >
          Quiz
        </span>
      </div>
      <div
        class="side"
      >
        <div
          class="main small"
        >
          <button
            class="primary"
            data-testid="test-go-back-button"
            id="go-back"
            name="go-back"
            type="button"
          >
            <svg
              aria-hidden="true"
              class="svg-inline--fa fa-arrow-left "
              data-icon="arrow-left"
              data-prefix="fas"
              focusable="false"
              role="img"
              viewBox="0 0 448 512"
              xmlns="http://www.w3.org/2000/svg"
            >
              <path
                d="M9.4 233.4c-12.5 12.5-12.5 32.8 0 45.3l160 160c12.5 12.5 32.8 12.5 45.3 0s12.5-32.8 0-45.3L109.2 288 416 288c17.7 0 32-14.3 32-32s-14.3-32-32-32l-306.7 0L214.6 118.6c12.5-12.5 12.5-32.8 0-45.3s-32.8-12.5-45.3 0l-160 160z"
                fill="currentColor"
              />
            </svg>
            <span>
              Go Back
            </span>
          </button>
        </div>
        <div
          class="avatar"
        >
          <button
            type="button"
          >
            <img
              alt="Profile"
              src="/src/assets/images/avatar.svg"
            />
          </button>
        </div>
      </div>
    </div>
    <div
      class="content fullWidth centerAlign"
    >
      <div
        class="errorIcon"
      >
        <svg
          aria-hidden="true"
          class="svg-inline--fa fa-heart-crack "
          data-icon="heart-crack"
          data-prefix="fas"
          focusable="false"
          role="img"
          viewBox="0 0 512 512"
          xmlns="http://www.w3.org/2000/svg"
        >
          <path
            d="M119.4 44.1c23.3-3.9 46.8-1.9 68.6 5.3l49.8 77.5-75.4 75.4c-1.5 1.5-2.4 3.6-2.3 5.8s1 4.2 2.6 5.7l112 104c2.9 2.7 7.4 2.9 10.5 .3s3.8-7 1.7-10.4l-60.4-98.1 90.7-75.6c2.6-2.1 3.5-5.7 2.4-8.8L296.8 61.8c28.5-16.7 62.4-23.2 95.7-17.6C461.5 55.6 512 115.2 512 185.1l0 5.8c0 41.5-17.2 81.2-47.6 109.5L283.7 469.1c-7.5 7-17.4 10.9-27.7 10.9s-20.2-3.9-27.7-10.9L47.6 300.4C17.2 272.1 0 232.4 0 190.9l0-5.8c0-69.9 50.5-129.5 119.4-141z"
            fill="currentColor"
          />
        </svg>
      </div>
      <div
        class="typography title medium"
      >
        Oops! Something went wrong.
      </div>
      <div
        class="typography subtitle medium"
      >
        An unexpected error occurred.
      </div>
      <div
        class="typography text medium"
      >
        Please try refreshing the page or go back to the homepage.
      </div>
    </div>
  </div>
</div>
`;
