// Vitest Snapshot v1, https://vitest.dev/guide/snapshot.html

exports[`GamePage > should render GamePage 1`] = `
<div>
  <div
    class="main"
  >
    <div
      class="header"
    >
      <button
        class="logo"
      >
        <img
          alt="Klurigo"
          class="icon"
          src="/src/assets/images/klurigo-icon.svg"
        />
        <span
          class="text"
        >
          Klurigo
        </span>
      </button>
      <div
        class="side"
      >
        <a
          data-discover="true"
          href="/auth/login"
        >
          Login
        </a>
      </div>
    </div>
    <div
      class="content fullWidth centerAlign"
    >
      <div
        class="loadingSpinnerContainer"
      >
        <div />
        <div />
        <div />
      </div>
    </div>
  </div>
</div>
`;
