// Vitest Snapshot v1, https://vitest.dev/guide/snapshot.html

exports[`FilterModal > should render FilterModal 1`] = `
<div>
  <div
    class="floatingOverlay"
    style="position: fixed; overflow: auto; top: 0px; right: 0px; bottom: 0px; left: 0px;"
  >
    <span
      data-floating-ui-focus-guard=""
      data-type="inside"
      role="button"
      style="border: 0px; height: 1px; margin: -1px; overflow: hidden; padding: 0px; position: fixed; white-space: nowrap; width: 1px; top: 0px; left: 0px;"
      tabindex="0"
    />
    <div
      aria-labelledby="«r2»"
      class="modalContainer sizeNormal"
      data-floating-ui-focusable=""
      id="«r0»"
      role="dialog"
      tabindex="-1"
    >
      <div
        class="header"
      >
        <div
          class="title"
          id="«r2»"
        >
          Refine Your Quiz Search
        </div>
      </div>
      <div
        class="content"
      >
        <div
          class="filterModalContainer"
        >
          Narrow down your search and find the perfect quiz!
          <div
            class="row"
          >
            <div
              class="label"
            >
              Category
            </div>
            <div
              class="inputContainer"
            >
              <div
                class="selectInputContainer selectInputKindSecondary"
              >
                <select
                  data-testid="test-category-select-select"
                  id="category-select"
                  name="category-select"
                >
                  <option
                    value="none"
                  >
                    None
                  </option>
                  <option
                    value="GENERAL_KNOWLEDGE"
                  >
                    General Knowledge
                  </option>
                  <option
                    value="SCIENCE"
                  >
                    Science
                  </option>
                  <option
                    value="HISTORY"
                  >
                    History
                  </option>
                  <option
                    value="GEOGRAPHY"
                  >
                    Geography
                  </option>
                  <option
                    value="ENTERTAINMENT"
                  >
                    Entertainment
                  </option>
                  <option
                    value="SPORTS"
                  >
                    Sports
                  </option>
                  <option
                    value="LITERATURE"
                  >
                    Literature
                  </option>
                  <option
                    value="TECHNOLOGY"
                  >
                    Technology
                  </option>
                  <option
                    value="ART"
                  >
                    Art
                  </option>
                  <option
                    value="MUSIC"
                  >
                    Music
                  </option>
                  <option
                    value="FILM"
                  >
                    Film
                  </option>
                  <option
                    value="FOOD_AND_DRINK"
                  >
                    Food & Drink
                  </option>
                  <option
                    value="POLITICS"
                  >
                    Politics
                  </option>
                  <option
                    value="MYTHOLOGY"
                  >
                    Mythology
                  </option>
                  <option
                    value="NATURE"
                  >
                    Nature
                  </option>
                  <option
                    value="BUSINESS"
                  >
                    Business
                  </option>
                  <option
                    value="HEALTH"
                  >
                    Health
                  </option>
                  <option
                    value="RELIGION"
                  >
                    Religion
                  </option>
                  <option
                    value="SPACE"
                  >
                    Space
                  </option>
                  <option
                    value="MATHEMATICS"
                  >
                    Mathematics
                  </option>
                  <option
                    value="OTHER"
                  >
                    Other
                  </option>
                </select>
                <svg
                  aria-hidden="true"
                  class="svg-inline--fa fa-chevron-down selectIcon"
                  color="black"
                  data-icon="chevron-down"
                  data-prefix="fas"
                  role="img"
                  viewBox="0 0 448 512"
                >
                  <path
                    d="M201.4 406.6c12.5 12.5 32.8 12.5 45.3 0l192-192c12.5-12.5 12.5-32.8 0-45.3s-32.8-12.5-45.3 0L224 338.7 54.6 169.4c-12.5-12.5-32.8-12.5-45.3 0s-12.5 32.8 0 45.3l192 192z"
                    fill="currentColor"
                  />
                </svg>
              </div>
            </div>
          </div>
          <div
            class="row"
          >
            <div
              class="label"
            >
              Visibility
            </div>
            <div
              class="inputContainer"
            >
              <div
                class="selectInputContainer selectInputKindSecondary"
              >
                <select
                  data-testid="test-visibility-select-select"
                  id="visibility-select"
                  name="visibility-select"
                >
                  <option
                    value="none"
                  >
                    None
                  </option>
                  <option
                    value="PUBLIC"
                  >
                    Public
                  </option>
                  <option
                    value="PRIVATE"
                  >
                    Private
                  </option>
                </select>
                <svg
                  aria-hidden="true"
                  class="svg-inline--fa fa-chevron-down selectIcon"
                  color="black"
                  data-icon="chevron-down"
                  data-prefix="fas"
                  role="img"
                  viewBox="0 0 448 512"
                >
                  <path
                    d="M201.4 406.6c12.5 12.5 32.8 12.5 45.3 0l192-192c12.5-12.5 12.5-32.8 0-45.3s-32.8-12.5-45.3 0L224 338.7 54.6 169.4c-12.5-12.5-32.8-12.5-45.3 0s-12.5 32.8 0 45.3l192 192z"
                    fill="currentColor"
                  />
                </svg>
              </div>
            </div>
          </div>
          <div
            class="row"
          >
            <div
              class="label"
            >
              Language
            </div>
            <div
              class="inputContainer"
            >
              <div
                class="selectInputContainer selectInputKindSecondary"
              >
                <select
                  data-testid="test-language-select-select"
                  id="language-select"
                  name="language-select"
                >
                  <option
                    value="none"
                  >
                    None
                  </option>
                  <option
                    value="ab"
                  >
                    Abkhaz
                  </option>
                  <option
                    value="aa"
                  >
                    Afar
                  </option>
                  <option
                    value="af"
                  >
                    Afrikaans
                  </option>
                  <option
                    value="ak"
                  >
                    Akan
                  </option>
                  <option
                    value="sq"
                  >
                    Albanian
                  </option>
                  <option
                    value="am"
                  >
                    Amharic
                  </option>
                  <option
                    value="ar"
                  >
                    Arabic
                  </option>
                  <option
                    value="an"
                  >
                    Aragonese
                  </option>
                  <option
                    value="hy"
                  >
                    Armenian
                  </option>
                  <option
                    value="as"
                  >
                    Assamese
                  </option>
                  <option
                    value="av"
                  >
                    Avaric
                  </option>
                  <option
                    value="ae"
                  >
                    Avestan
                  </option>
                  <option
                    value="ay"
                  >
                    Aymara
                  </option>
                  <option
                    value="az"
                  >
                    Azerbaijani
                  </option>
                  <option
                    value="bm"
                  >
                    Bambara
                  </option>
                  <option
                    value="ba"
                  >
                    Bashkir
                  </option>
                  <option
                    value="eu"
                  >
                    Basque
                  </option>
                  <option
                    value="be"
                  >
                    Belarusian
                  </option>
                  <option
                    value="bn"
                  >
                    Bengali
                  </option>
                  <option
                    value="bh"
                  >
                    Bihari
                  </option>
                  <option
                    value="bi"
                  >
                    Bislama
                  </option>
                  <option
                    value="bs"
                  >
                    Bosnian
                  </option>
                  <option
                    value="br"
                  >
                    Breton
                  </option>
                  <option
                    value="bg"
                  >
                    Bulgarian
                  </option>
                  <option
                    value="my"
                  >
                    Burmese
                  </option>
                  <option
                    value="ca"
                  >
                    Catalan
                  </option>
                  <option
                    value="ch"
                  >
                    Chamorro
                  </option>
                  <option
                    value="ce"
                  >
                    Chechen
                  </option>
                  <option
                    value="ny"
                  >
                    Chichewa
                  </option>
                  <option
                    value="zh"
                  >
                    Chinese
                  </option>
                  <option
                    value="cu"
                  >
                    Church Slavonic
                  </option>
                  <option
                    value="cv"
                  >
                    Chuvash
                  </option>
                  <option
                    value="kw"
                  >
                    Cornish
                  </option>
                  <option
                    value="co"
                  >
                    Corsican
                  </option>
                  <option
                    value="cr"
                  >
                    Cree
                  </option>
                  <option
                    value="hr"
                  >
                    Croatian
                  </option>
                  <option
                    value="cs"
                  >
                    Czech
                  </option>
                  <option
                    value="da"
                  >
                    Danish
                  </option>
                  <option
                    value="dv"
                  >
                    Dhivehi
                  </option>
                  <option
                    value="nl"
                  >
                    Dutch
                  </option>
                  <option
                    value="dz"
                  >
                    Dzongkha
                  </option>
                  <option
                    value="en"
                  >
                    English
                  </option>
                  <option
                    value="eo"
                  >
                    Esperanto
                  </option>
                  <option
                    value="et"
                  >
                    Estonian
                  </option>
                  <option
                    value="ee"
                  >
                    Ewe
                  </option>
                  <option
                    value="fo"
                  >
                    Faroese
                  </option>
                  <option
                    value="fj"
                  >
                    Fijian
                  </option>
                  <option
                    value="fi"
                  >
                    Finnish
                  </option>
                  <option
                    value="fr"
                  >
                    French
                  </option>
                  <option
                    value="ff"
                  >
                    Fula
                  </option>
                  <option
                    value="gl"
                  >
                    Galician
                  </option>
                  <option
                    value="lg"
                  >
                    Ganda
                  </option>
                  <option
                    value="ka"
                  >
                    Georgian
                  </option>
                  <option
                    value="de"
                  >
                    German
                  </option>
                  <option
                    value="el"
                  >
                    Greek
                  </option>
                  <option
                    value="gn"
                  >
                    Guarani
                  </option>
                  <option
                    value="gu"
                  >
                    Gujarati
                  </option>
                  <option
                    value="ht"
                  >
                    Haitian
                  </option>
                  <option
                    value="ha"
                  >
                    Hausa
                  </option>
                  <option
                    value="he"
                  >
                    Hebrew
                  </option>
                  <option
                    value="hz"
                  >
                    Herero
                  </option>
                  <option
                    value="hi"
                  >
                    Hindi
                  </option>
                  <option
                    value="ho"
                  >
                    Hiri Motu
                  </option>
                  <option
                    value="hu"
                  >
                    Hungarian
                  </option>
                  <option
                    value="is"
                  >
                    Icelandic
                  </option>
                  <option
                    value="io"
                  >
                    Ido
                  </option>
                  <option
                    value="ig"
                  >
                    Igbo
                  </option>
                  <option
                    value="id"
                  >
                    Indonesian
                  </option>
                  <option
                    value="ia"
                  >
                    Interlingua
                  </option>
                  <option
                    value="ie"
                  >
                    Interlingue
                  </option>
                  <option
                    value="iu"
                  >
                    Inuktitut
                  </option>
                  <option
                    value="ik"
                  >
                    Inupiaq
                  </option>
                  <option
                    value="ga"
                  >
                    Irish
                  </option>
                  <option
                    value="it"
                  >
                    Italian
                  </option>
                  <option
                    value="ja"
                  >
                    Japanese
                  </option>
                  <option
                    value="jv"
                  >
                    Javanese
                  </option>
                  <option
                    value="kl"
                  >
                    Kalaallisut
                  </option>
                  <option
                    value="kn"
                  >
                    Kannada
                  </option>
                  <option
                    value="kr"
                  >
                    Kanuri
                  </option>
                  <option
                    value="ks"
                  >
                    Kashmiri
                  </option>
                  <option
                    value="kk"
                  >
                    Kazakh
                  </option>
                  <option
                    value="km"
                  >
                    Khmer
                  </option>
                  <option
                    value="ki"
                  >
                    Kikuyu
                  </option>
                  <option
                    value="rw"
                  >
                    Kinyarwanda
                  </option>
                  <option
                    value="rn"
                  >
                    Kirundi
                  </option>
                  <option
                    value="kv"
                  >
                    Komi
                  </option>
                  <option
                    value="kg"
                  >
                    Kongo
                  </option>
                  <option
                    value="ko"
                  >
                    Korean
                  </option>
                  <option
                    value="ku"
                  >
                    Kurdish
                  </option>
                  <option
                    value="kj"
                  >
                    Kwanyama
                  </option>
                  <option
                    value="ky"
                  >
                    Kyrgyz
                  </option>
                  <option
                    value="lo"
                  >
                    Lao
                  </option>
                  <option
                    value="la"
                  >
                    Latin
                  </option>
                  <option
                    value="lv"
                  >
                    Latvian
                  </option>
                  <option
                    value="li"
                  >
                    Limburgish
                  </option>
                  <option
                    value="ln"
                  >
                    Lingala
                  </option>
                  <option
                    value="lt"
                  >
                    Lithuanian
                  </option>
                  <option
                    value="lu"
                  >
                    Luba-Katanga
                  </option>
                  <option
                    value="lb"
                  >
                    Luxembourgish
                  </option>
                  <option
                    value="mk"
                  >
                    Macedonian
                  </option>
                  <option
                    value="mg"
                  >
                    Malagasy
                  </option>
                  <option
                    value="ms"
                  >
                    Malay
                  </option>
                  <option
                    value="ml"
                  >
                    Malayalam
                  </option>
                  <option
                    value="mt"
                  >
                    Maltese
                  </option>
                  <option
                    value="gv"
                  >
                    Manx
                  </option>
                  <option
                    value="mr"
                  >
                    Marathi
                  </option>
                  <option
                    value="mh"
                  >
                    Marshallese
                  </option>
                  <option
                    value="mn"
                  >
                    Mongolian
                  </option>
                  <option
                    value="mi"
                  >
                    Maori
                  </option>
                  <option
                    value="na"
                  >
                    Nauru
                  </option>
                  <option
                    value="nv"
                  >
                    Navajo
                  </option>
                  <option
                    value="ng"
                  >
                    Ndonga
                  </option>
                  <option
                    value="ne"
                  >
                    Nepali
                  </option>
                  <option
                    value="nd"
                  >
                    Northern Ndebele
                  </option>
                  <option
                    value="se"
                  >
                    Northern Sami
                  </option>
                  <option
                    value="nb"
                  >
                    Norwegian Bokmål
                  </option>
                  <option
                    value="nn"
                  >
                    Norwegian Nynorsk
                  </option>
                  <option
                    value="ii"
                  >
                    Nuosu
                  </option>
                  <option
                    value="oc"
                  >
                    Occitan
                  </option>
                  <option
                    value="oj"
                  >
                    Ojibwe
                  </option>
                  <option
                    value="or"
                  >
                    Oriya
                  </option>
                  <option
                    value="om"
                  >
                    Oromo
                  </option>
                  <option
                    value="os"
                  >
                    Ossetian
                  </option>
                  <option
                    value="ps"
                  >
                    Pashto
                  </option>
                  <option
                    value="fa"
                  >
                    Persian
                  </option>
                  <option
                    value="pl"
                  >
                    Polish
                  </option>
                  <option
                    value="pt"
                  >
                    Portuguese
                  </option>
                  <option
                    value="pa"
                  >
                    Punjabi
                  </option>
                  <option
                    value="pi"
                  >
                    Pali
                  </option>
                  <option
                    value="qu"
                  >
                    Quechua
                  </option>
                  <option
                    value="ro"
                  >
                    Romanian
                  </option>
                  <option
                    value="rm"
                  >
                    Romansh
                  </option>
                  <option
                    value="ru"
                  >
                    Russian
                  </option>
                  <option
                    value="sm"
                  >
                    Samoan
                  </option>
                  <option
                    value="sg"
                  >
                    Sango
                  </option>
                  <option
                    value="sa"
                  >
                    Sanskrit
                  </option>
                  <option
                    value="sc"
                  >
                    Sardinian
                  </option>
                  <option
                    value="gd"
                  >
                    Scottish Gaelic
                  </option>
                  <option
                    value="sr"
                  >
                    Serbian
                  </option>
                  <option
                    value="sn"
                  >
                    Shona
                  </option>
                  <option
                    value="sd"
                  >
                    Sindhi
                  </option>
                  <option
                    value="si"
                  >
                    Sinhala
                  </option>
                  <option
                    value="sk"
                  >
                    Slovak
                  </option>
                  <option
                    value="sl"
                  >
                    Slovene
                  </option>
                  <option
                    value="so"
                  >
                    Somali
                  </option>
                  <option
                    value="nr"
                  >
                    Southern Ndebele
                  </option>
                  <option
                    value="st"
                  >
                    Southern Sotho
                  </option>
                  <option
                    value="es"
                  >
                    Spanish
                  </option>
                  <option
                    value="su"
                  >
                    Sundanese
                  </option>
                  <option
                    value="sw"
                  >
                    Swahili
                  </option>
                  <option
                    value="ss"
                  >
                    Swati
                  </option>
                  <option
                    value="sv"
                  >
                    Swedish
                  </option>
                  <option
                    value="tl"
                  >
                    Tagalog
                  </option>
                  <option
                    value="ty"
                  >
                    Tahitian
                  </option>
                  <option
                    value="tg"
                  >
                    Tajik
                  </option>
                  <option
                    value="ta"
                  >
                    Tamil
                  </option>
                  <option
                    value="tt"
                  >
                    Tatar
                  </option>
                  <option
                    value="te"
                  >
                    Telugu
                  </option>
                  <option
                    value="th"
                  >
                    Thai
                  </option>
                  <option
                    value="bo"
                  >
                    Tibetan
                  </option>
                  <option
                    value="ti"
                  >
                    Tigrinya
                  </option>
                  <option
                    value="to"
                  >
                    Tongan
                  </option>
                  <option
                    value="ts"
                  >
                    Tsonga
                  </option>
                  <option
                    value="tn"
                  >
                    Tswana
                  </option>
                  <option
                    value="tr"
                  >
                    Turkish
                  </option>
                  <option
                    value="tk"
                  >
                    Turkmen
                  </option>
                  <option
                    value="tw"
                  >
                    Twi
                  </option>
                  <option
                    value="ug"
                  >
                    Uighur
                  </option>
                  <option
                    value="uk"
                  >
                    Ukrainian
                  </option>
                  <option
                    value="ur"
                  >
                    Urdu
                  </option>
                  <option
                    value="uz"
                  >
                    Uzbek
                  </option>
                  <option
                    value="ve"
                  >
                    Venda
                  </option>
                  <option
                    value="vi"
                  >
                    Vietnamese
                  </option>
                  <option
                    value="vo"
                  >
                    Volapük
                  </option>
                  <option
                    value="wa"
                  >
                    Walloon
                  </option>
                  <option
                    value="cy"
                  >
                    Welsh
                  </option>
                  <option
                    value="fy"
                  >
                    West Frisian
                  </option>
                  <option
                    value="wo"
                  >
                    Wolof
                  </option>
                  <option
                    value="xh"
                  >
                    Xhosa
                  </option>
                  <option
                    value="yi"
                  >
                    Yiddish
                  </option>
                  <option
                    value="yo"
                  >
                    Yoruba
                  </option>
                  <option
                    value="za"
                  >
                    Zhuang
                  </option>
                  <option
                    value="zu"
                  >
                    Zulu
                  </option>
                </select>
                <svg
                  aria-hidden="true"
                  class="svg-inline--fa fa-chevron-down selectIcon"
                  color="black"
                  data-icon="chevron-down"
                  data-prefix="fas"
                  role="img"
                  viewBox="0 0 448 512"
                >
                  <path
                    d="M201.4 406.6c12.5 12.5 32.8 12.5 45.3 0l192-192c12.5-12.5 12.5-32.8 0-45.3s-32.8-12.5-45.3 0L224 338.7 54.6 169.4c-12.5-12.5-32.8-12.5-45.3 0s-12.5 32.8 0 45.3l192 192z"
                    fill="currentColor"
                  />
                </svg>
              </div>
            </div>
          </div>
          <div
            class="row"
          >
            <div
              class="label"
            >
              Game Mode
            </div>
            <div
              class="inputContainer"
            >
              <div
                class="selectInputContainer selectInputKindSecondary"
              >
                <select
                  data-testid="test-game-mode-select-select"
                  id="game-mode-select"
                  name="game-mode-select"
                >
                  <option
                    value="none"
                  >
                    None
                  </option>
                  <option
                    value="CLASSIC"
                  >
                    Classic
                  </option>
                  <option
                    value="ZERO_TO_ONE_HUNDRED"
                  >
                    0 to 100
                  </option>
                </select>
                <svg
                  aria-hidden="true"
                  class="svg-inline--fa fa-chevron-down selectIcon"
                  color="black"
                  data-icon="chevron-down"
                  data-prefix="fas"
                  role="img"
                  viewBox="0 0 448 512"
                >
                  <path
                    d="M201.4 406.6c12.5 12.5 32.8 12.5 45.3 0l192-192c12.5-12.5 12.5-32.8 0-45.3s-32.8-12.5-45.3 0L224 338.7 54.6 169.4c-12.5-12.5-32.8-12.5-45.3 0s-12.5 32.8 0 45.3l192 192z"
                    fill="currentColor"
                  />
                </svg>
              </div>
            </div>
          </div>
          <div
            class="row"
          >
            <div
              class="label"
            >
              Sort By
            </div>
            <div
              class="inputContainer"
            >
              <div
                class="selectInputContainer selectInputKindSecondary"
              >
                <select
                  data-testid="test-sort-by-select-select"
                  id="sort-by-select"
                  name="sort-by-select"
                >
                  <option
                    value="title"
                  >
                    Title
                  </option>
                  <option
                    value="created"
                  >
                    Created
                  </option>
                  <option
                    value="updated"
                  >
                    Updated
                  </option>
                </select>
                <svg
                  aria-hidden="true"
                  class="svg-inline--fa fa-chevron-down selectIcon"
                  color="black"
                  data-icon="chevron-down"
                  data-prefix="fas"
                  role="img"
                  viewBox="0 0 448 512"
                >
                  <path
                    d="M201.4 406.6c12.5 12.5 32.8 12.5 45.3 0l192-192c12.5-12.5 12.5-32.8 0-45.3s-32.8-12.5-45.3 0L224 338.7 54.6 169.4c-12.5-12.5-32.8-12.5-45.3 0s-12.5 32.8 0 45.3l192 192z"
                    fill="currentColor"
                  />
                </svg>
              </div>
            </div>
          </div>
          <div
            class="row"
          >
            <div
              class="label"
            >
              Sort Order
            </div>
            <div
              class="inputContainer"
            >
              <div
                class="selectInputContainer selectInputKindSecondary"
              >
                <select
                  data-testid="test-sort-order-select-select"
                  id="sort-order-select"
                  name="sort-order-select"
                >
                  <option
                    value="asc"
                  >
                    Ascending
                  </option>
                  <option
                    value="desc"
                  >
                    Descending
                  </option>
                </select>
                <svg
                  aria-hidden="true"
                  class="svg-inline--fa fa-chevron-down selectIcon"
                  color="black"
                  data-icon="chevron-down"
                  data-prefix="fas"
                  role="img"
                  viewBox="0 0 448 512"
                >
                  <path
                    d="M201.4 406.6c12.5 12.5 32.8 12.5 45.3 0l192-192c12.5-12.5 12.5-32.8 0-45.3s-32.8-12.5-45.3 0L224 338.7 54.6 169.4c-12.5-12.5-32.8-12.5-45.3 0s-12.5 32.8 0 45.3l192 192z"
                    fill="currentColor"
                  />
                </svg>
              </div>
            </div>
          </div>
          <div
            class="row buttonGroup"
          >
            <div
              class="buttonInputContainer buttonInputKindSecondary"
            >
              <button
                data-testid="test-close-button-button"
                id="close-button"
                name="close-button"
                type="button"
              >
                <span>
                  Close
                </span>
              </button>
            </div>
            <div
              class="buttonInputContainer buttonInputKindCallToAction"
            >
              <button
                data-testid="test-apply-button-button"
                id="apply-button"
                name="apply-button"
                type="button"
              >
                <span>
                  Apply
                </span>
              </button>
            </div>
          </div>
        </div>
      </div>
    </div>
    <span
      data-floating-ui-focus-guard=""
      data-type="inside"
      role="button"
      style="border: 0px; height: 1px; margin: -1px; overflow: hidden; padding: 0px; position: fixed; white-space: nowrap; width: 1px; top: 0px; left: 0px;"
      tabindex="0"
    />
  </div>
</div>
`;
