// Vitest Snapshot v1, https://vitest.dev/guide/snapshot.html

exports[`ProfilePageUI > should render ProfilePageUI 1`] = `
<div>
  <div
    class="main"
  >
    <div
      class="header"
    >
      <button
        class="logo"
      >
        <img
          alt="Klurigo"
          class="icon"
          src="/src/assets/images/klurigo-icon.svg"
        />
        <span
          class="text"
        >
          Quiz
        </span>
      </button>
      <div
        class="side"
      >
        <a
          href="/discover"
        >
          Discover
        </a>
        <div
          class="menuButtonWrapper"
        >
          <button
            type="button"
          >
            <img
              alt="Profile"
              src="/src/assets/images/avatar.svg"
            />
          </button>
        </div>
      </div>
    </div>
    <div
      class="content fullWidth startAlign"
    >
      <div
        class="typography subtitle full"
      >
        Update Your Profile
      </div>
      <div
        class="typography text medium"
      >
        Customize your player profile by updating your nickname. Your nickname is how other players will see you in quizzes.
      </div>
      <form
        class="profileDetailsForm"
      >
        <div
          class="column full"
        >
          <div
            class="inputContainer"
          >
            <div
              class="textFieldInputContainer textFieldInputKindPrimary"
            >
              <input
                class="textfield"
                data-testid="test-nickname-textfield"
                id="nickname"
                maxlength="20"
                minlength="2"
                name="nickname"
                placeholder="Nickname"
                type="text"
                value="FrostyBear"
              />
            </div>
          </div>
        </div>
        <div
          class="column"
        >
          <div
            class="buttonInputContainer buttonInputKindCallToAction"
          >
            <button
              data-testid="test-update-player-button-button"
              id="update-player-button"
              name="update-player-button"
              type="submit"
            >
              <svg
                aria-hidden="true"
                class="svg-inline--fa fa-floppy-disk "
                data-icon="floppy-disk"
                data-prefix="fas"
                focusable="false"
                role="img"
                viewBox="0 0 448 512"
                xmlns="http://www.w3.org/2000/svg"
              >
                <path
                  d="M64 32C28.7 32 0 60.7 0 96L0 416c0 35.3 28.7 64 64 64l320 0c35.3 0 64-28.7 64-64l0-242.7c0-17-6.7-33.3-18.7-45.3L352 50.7C340 38.7 323.7 32 306.7 32L64 32zm0 96c0-17.7 14.3-32 32-32l192 0c17.7 0 32 14.3 32 32l0 64c0 17.7-14.3 32-32 32L96 224c-17.7 0-32-14.3-32-32l0-64zM224 288a64 64 0 1 1 0 128 64 64 0 1 1 0-128z"
                  fill="currentColor"
                />
              </svg>
            </button>
          </div>
        </div>
      </form>
    </div>
  </div>
</div>
`;
