// Vitest Snapshot v1, https://vitest.dev/guide/snapshot.html

exports[`ImageSquareEffect > renders correctly (snapshot) 1`] = `
<div>
  <div
    style="position: absolute; top: 0px; left: 0px; width: 200px; height: 100px; display: flex; flex-wrap: wrap; align-content: flex-start;"
  >
    <div
      style="width: 100px; height: 50px; background: white;"
    />
    <div
      style="width: 100px; height: 50px; background: white;"
    />
    <div
      style="width: 100px; height: 50px; background: white;"
    />
    <div
      style="width: 100px; height: 50px; background: transparent;"
    />
  </div>
</div>
`;

exports[`ImageSquareEffect > renders with countdown (snapshot) 1`] = `
<div>
  <div
    style="position: absolute; top: 0px; left: 0px; width: 200px; height: 100px; display: flex; flex-wrap: wrap; align-content: flex-start;"
  >
    <div
      style="width: 100px; height: 50px; background: white;"
    />
    <div
      style="width: 100px; height: 50px; background: transparent;"
    />
    <div
      style="width: 100px; height: 50px; background: transparent;"
    />
    <div
      style="width: 100px; height: 50px; background: transparent;"
    />
  </div>
</div>
`;
