// Vitest Snapshot v1, https://vitest.dev/guide/snapshot.html

exports[`HostLeaderboardState > should render HostLeaderboardState 1`] = `
<div>
  <div
    class="main"
  >
    <div
      class="header"
    >
      <div
        class="logo"
      >
        <span
          class="icon"
        />
        <span
          class="text"
        >
          Quiz
        </span>
      </div>
      <div
        class="side"
      >
        <div
          class="main small"
        >
          <button
            class="secondary"
            data-testid="test-next-button-button"
            id="next-button"
            name="next-button"
            type="button"
          >
            Next
            <div
              class="arrow right"
            />
          </button>
        </div>
      </div>
    </div>
    <div
      class="content center noPadding"
    >
      <div
        class="main"
      >
        <div
          class="title"
        >
          Leaderboard
        </div>
        <div
          class="leaderboard"
        >
          <div
            class="column"
          >
            <div
              class="position"
            >
              <span>
                1
              </span>
            </div>
          </div>
          <div
            class="column"
          >
            ShadowCyborg
          </div>
          <div
            class="column"
          >
            <span
              class="score"
            >
              18456
            </span>
          </div>
          <div
            class="column"
          >
            <div
              class="position"
            >
              <span>
                2
              </span>
            </div>
          </div>
          <div
            class="column"
          >
            Radar
          </div>
          <div
            class="column"
          >
            <span
              class="score"
            >
              18398
            </span>
          </div>
          <div
            class="column"
          >
            <div
              class="position"
            >
              <span>
                3
              </span>
            </div>
          </div>
          <div
            class="column"
          >
            ShadowWhirlwind
          </div>
          <div
            class="column"
          >
            <span
              class="score"
            >
              15492
            </span>
          </div>
          <div
            class="column"
          >
            <div
              class="position"
            >
              <span>
                4
              </span>
            </div>
          </div>
          <div
            class="column"
          >
            WhiskerFox
          </div>
          <div
            class="column"
          >
            <span
              class="score"
            >
              14118
            </span>
          </div>
          <div
            class="column"
          >
            <div
              class="position"
            >
              <span>
                5
              </span>
            </div>
          </div>
          <div
            class="column"
          >
            JollyNimbus
          </div>
          <div
            class="column"
          >
            <span
              class="score"
            >
              13463
            </span>
          </div>
          <div
            class="column"
          >
            <div
              class="position"
            >
              <span>
                6
              </span>
            </div>
          </div>
          <div
            class="column"
          >
            PuddingPop
          </div>
          <div
            class="column"
          >
            <span
              class="score"
            >
              12459
            </span>
          </div>
          <div
            class="column"
          >
            <div
              class="position"
            >
              <span>
                7
              </span>
            </div>
          </div>
          <div
            class="column"
          >
            MysticPine
          </div>
          <div
            class="column"
          >
            <span
              class="score"
            >
              11086
            </span>
          </div>
          <div
            class="column"
          >
            <div
              class="position"
            >
              <span>
                8
              </span>
            </div>
          </div>
          <div
            class="column"
          >
            FrostyBear
          </div>
          <div
            class="column"
          >
            <span
              class="score"
            >
              10361
            </span>
          </div>
          <div
            class="column"
          >
            <div
              class="position"
            >
              <span>
                9
              </span>
            </div>
          </div>
          <div
            class="column"
          >
            Willo
          </div>
          <div
            class="column"
          >
            <span
              class="score"
            >
              9360
            </span>
          </div>
          <div
            class="column"
          >
            <div
              class="position"
            >
              <span>
                10
              </span>
            </div>
          </div>
          <div
            class="column"
          >
            ScarletFlame
          </div>
          <div
            class="column"
          >
            <span
              class="score"
            >
              6723
            </span>
          </div>
        </div>
      </div>
    </div>
  </div>
</div>
`;
