// Vitest Snapshot v1, https://vitest.dev/guide/snapshot.html

exports[`HostGameFooter > should render HostGameFooter with default props 1`] = `
<div>
  <div
    class="main"
  >
    <div
      class="questions"
    >
      <svg
        aria-hidden="true"
        class="svg-inline--fa fa-circle-question "
        data-icon="circle-question"
        data-prefix="fas"
        role="img"
        viewBox="0 0 512 512"
      >
        <path
          d="M256 512a256 256 0 1 0 0-512 256 256 0 1 0 0 512zm0-336c-17.7 0-32 14.3-32 32 0 13.3-10.7 24-24 24s-24-10.7-24-24c0-44.2 35.8-80 80-80s80 35.8 80 80c0 47.2-36 67.2-56 74.5l0 3.8c0 13.3-10.7 24-24 24s-24-10.7-24-24l0-8.1c0-20.5 14.8-35.2 30.1-40.2 6.4-2.1 13.2-5.5 18.2-10.3 4.3-4.2 7.7-10 7.7-19.6 0-17.7-14.3-32-32-32zM224 368a32 32 0 1 1 64 0 32 32 0 1 1 -64 0z"
          fill="currentColor"
        />
      </svg>
      <span>
        1
         / 
        20
      </span>
    </div>
    <div
      class="gamePIN"
    >
      <svg
        aria-hidden="true"
        class="svg-inline--fa fa-lock-open "
        data-icon="lock-open"
        data-prefix="fas"
        role="img"
        viewBox="0 0 576 512"
      >
        <path
          d="M384 96c0-35.3 28.7-64 64-64s64 28.7 64 64l0 32c0 17.7 14.3 32 32 32s32-14.3 32-32l0-32c0-70.7-57.3-128-128-128S320 25.3 320 96l0 64-160 0c-35.3 0-64 28.7-64 64l0 224c0 35.3 28.7 64 64 64l256 0c35.3 0 64-28.7 64-64l0-224c0-35.3-28.7-64-64-64l-32 0 0-64z"
          fill="currentColor"
        />
      </svg>
      <span>
        123456
      </span>
    </div>
    <div
      class="actions"
    />
  </div>
</div>
`;
