// Vitest Snapshot v1, https://vitest.dev/guide/snapshot.html

exports[`MediaModal > should render a MediaModal with default props 1`] = `
<div>
  <div
    class="floatingOverlay"
    style="position: fixed; overflow: auto; top: 0px; right: 0px; bottom: 0px; left: 0px;"
  >
    <span
      data-floating-ui-focus-guard=""
      data-type="inside"
      role="button"
      style="border: 0px; height: 1px; margin: -1px; overflow: hidden; padding: 0px; position: fixed; white-space: nowrap; width: 1px; top: 0px; left: 0px;"
      tabindex="0"
    />
    <div
      aria-labelledby=":r2:"
      class="modalContainer sizeLarge"
      data-floating-ui-focusable=""
      id=":r0:"
      role="dialog"
      tabindex="-1"
    >
      <div
        class="header"
      >
        <div
          class="title"
          id=":r2:"
        >
          Add Media
        </div>
        <div
          class="buttonInputContainer buttonInputKindPlain"
        >
          <button
            data-testid="test-close-modal-button-button"
            id="close-modal-button"
            name="close-modal-button"
            type="button"
          >
            <svg
              aria-hidden="true"
              class="svg-inline--fa fa-xmark "
              color="gray"
              data-icon="xmark"
              data-prefix="fas"
              focusable="false"
              role="img"
              viewBox="0 0 384 512"
              xmlns="http://www.w3.org/2000/svg"
            >
              <path
                d="M342.6 150.6c12.5-12.5 12.5-32.8 0-45.3s-32.8-12.5-45.3 0L192 210.7 86.6 105.4c-12.5-12.5-32.8-12.5-45.3 0s-12.5 32.8 0 45.3L146.7 256 41.4 361.4c-12.5 12.5-12.5 32.8 0 45.3s32.8 12.5 45.3 0L192 301.3 297.4 406.6c12.5 12.5 32.8 12.5 45.3 0s12.5-32.8 0-45.3L237.3 256 342.6 150.6z"
                fill="currentColor"
              />
            </svg>
          </button>
        </div>
      </div>
      <div
        class="content"
      >
        <div
          class="mediaModal"
        >
          <div
            class="column half"
          >
            <div
              class="inputContainer"
            >
              <div
                class="selectInputContainer selectInputKindSecondary"
              >
                <select
                  data-testid="test-media-type-select-select"
                  id="media-type-select"
                  name="media-type-select"
                >
                  <option
                    value="IMAGE"
                  >
                    Image
                  </option>
                  <option
                    value="AUDIO"
                  >
                    Audio
                  </option>
                  <option
                    value="VIDEO"
                  >
                    Video
                  </option>
                </select>
                <svg
                  aria-hidden="true"
                  class="svg-inline--fa fa-chevron-down selectIcon"
                  color="black"
                  data-icon="chevron-down"
                  data-prefix="fas"
                  focusable="false"
                  role="img"
                  viewBox="0 0 512 512"
                  xmlns="http://www.w3.org/2000/svg"
                >
                  <path
                    d="M233.4 406.6c12.5 12.5 32.8 12.5 45.3 0l192-192c12.5-12.5 12.5-32.8 0-45.3s-32.8-12.5-45.3 0L256 338.7 86.6 169.4c-12.5-12.5-32.8-12.5-45.3 0s-12.5 32.8 0 45.3l192 192z"
                    fill="currentColor"
                  />
                </svg>
              </div>
            </div>
          </div>
          <div
            class="column inline"
          >
            <div
              class="textFieldWrapper"
            >
              <div
                class="inputContainer"
              >
                <div
                  class="textFieldInputContainer textFieldInputKindSecondary"
                >
                  <input
                    class="textfield"
                    data-testid="test-media-url-textfield-textfield"
                    id="media-url-textfield"
                    name="media-url-textfield"
                    placeholder="URL"
                    type="text"
                    value=""
                  />
                </div>
              </div>
            </div>
          </div>
          <div
            class="column divider"
          />
          <div
            class="column"
          >
            <div
              class="segmentedControl"
            >
              <div
                class="segmentedControlItem segmentedControlInputKindSecondary segmentedControlInputSizeSmall segmentedControlInputActive"
              >
                <button
                  data-testid="test-selected-provider-segmented-control_pexels-segmented-control"
                  id="selected-provider-segmented-control_pexels"
                  name="selected-provider-segmented-control_pexels"
                  type="button"
                >
                  Pexels
                </button>
              </div>
              <div
                class="segmentedControlItem segmentedControlInputKindSecondary segmentedControlInputSizeSmall segmentedControlInputInactive"
              >
                <button
                  data-testid="test-selected-provider-segmented-control_upload-segmented-control"
                  id="selected-provider-segmented-control_upload"
                  name="selected-provider-segmented-control_upload"
                  type="button"
                >
                  Upload
                </button>
              </div>
            </div>
          </div>
          <div
            class="column divider"
          />
          <div
            class="column actions"
          >
            <div
              class="buttonInputContainer buttonInputKindSecondary"
            >
              <button
                data-testid="test-close-button-button"
                id="close-button"
                name="close-button"
                type="button"
              >
                <span>
                  Close
                </span>
              </button>
            </div>
            <div
              class="buttonInputContainer buttonInputKindCallToAction"
            >
              <button
                data-testid="test-apply-button-button"
                disabled=""
                id="apply-button"
                name="apply-button"
                type="button"
              >
                <span>
                  Apply
                </span>
              </button>
            </div>
          </div>
        </div>
      </div>
    </div>
    <span
      data-floating-ui-focus-guard=""
      data-type="inside"
      role="button"
      style="border: 0px; height: 1px; margin: -1px; overflow: hidden; padding: 0px; position: fixed; white-space: nowrap; width: 1px; top: 0px; left: 0px;"
      tabindex="0"
    />
  </div>
</div>
`;
