// Vitest Snapshot v1, https://vitest.dev/guide/snapshot.html

exports[`ResponsiveImage > should render ResponsiveImage with props 1`] = `
<div>
  <div
    class="container"
  >
    <div
      class="centerOverlay"
    >
      <div
        class="loadingSpinnerContainer"
        data-testid="loading-spinner"
      >
        <div />
        <div />
        <div />
      </div>
    </div>
  </div>
</div>
`;
