// Vitest Snapshot v1, https://vitest.dev/guide/snapshot.html

exports[`PlayerGameBeginState > should render PlayerGameBeginState 1`] = `
<div>
  <div
    class="main"
  >
    <div
      class="header"
    >
      <button
        class="logo"
      >
        <span
          class="icon"
        />
        <span
          class="text"
        >
          Quiz
        </span>
      </button>
      <div
        class="side"
      />
    </div>
    <div
      class="content fullWidth centerAlign"
    >
      <div
        class="typography title medium"
      >
        Get ready!
      </div>
      <div
        class="typography text small"
      >
        The game starts any second
      </div>
      <div
        class="main"
      >
        FrostyBear
      </div>
      <div
        class="loadingSpinnerContainer"
      >
        <div />
        <div />
        <div />
      </div>
    </div>
  </div>
</div>
`;
