// Vitest Snapshot v1, https://vitest.dev/guide/snapshot.html

exports[`MultiChoiceOptions > hides error messages while dragging, then restores after drag end (snapshots) 1`] = `
<div>
  <div
    class="optionsContainer"
  >
    <div
      data-testid="dnd"
    >
      <div
        class="option"
      >
        <div
          class="content"
        >
          <div
            data-testid="textfield-multi-choice-option-_r_1k_-0"
          >
            <input
              data-testid="input-multi-choice-option-_r_1k_-0"
              id="multi-choice-option-_r_1k_-0"
              placeholder="Option 1"
              value=""
            />
            <input
              data-testid="check-multi-choice-option-_r_1k_-0"
              type="checkbox"
            />
          </div>
        </div>
        <div
          class="handle"
        >
          <svg
            aria-hidden="true"
            class="svg-inline--fa fa-grip icon"
            data-icon="grip"
            data-prefix="fas"
            role="img"
            viewBox="0 0 512 512"
          >
            <path
              d="M88 96c22.1 0 40 17.9 40 40l0 48c0 22.1-17.9 40-40 40l-48 0c-22.1 0-40-17.9-40-40l0-48c0-22.1 17.9-40 40-40l48 0zM280 224l-48 0c-22.1 0-40-17.9-40-40l0-48c0-22.1 17.9-40 40-40l48 0c22.1 0 40 17.9 40 40l0 48c0 22.1-17.9 40-40 40zm192 0l-48 0c-22.1 0-40-17.9-40-40l0-48c0-22.1 17.9-40 40-40l48 0c22.1 0 40 17.9 40 40l0 48c0 22.1-17.9 40-40 40zm0 192l-48 0c-22.1 0-40-17.9-40-40l0-48c0-22.1 17.9-40 40-40l48 0c22.1 0 40 17.9 40 40l0 48c0 22.1-17.9 40-40 40zM280 288c22.1 0 40 17.9 40 40l0 48c0 22.1-17.9 40-40 40l-48 0c-22.1 0-40-17.9-40-40l0-48c0-22.1 17.9-40 40-40l48 0zM88 416l-48 0c-22.1 0-40-17.9-40-40l0-48c0-22.1 17.9-40 40-40l48 0c22.1 0 40 17.9 40 40l0 48c0 22.1-17.9 40-40 40z"
              fill="currentColor"
            />
          </svg>
        </div>
      </div>
      <div
        class="option"
      >
        <div
          class="content"
        >
          <div
            data-testid="textfield-multi-choice-option-_r_1k_-1"
          >
            <input
              data-testid="input-multi-choice-option-_r_1k_-1"
              id="multi-choice-option-_r_1k_-1"
              placeholder="Option 2"
              value=""
            />
            <input
              data-testid="check-multi-choice-option-_r_1k_-1"
              type="checkbox"
            />
          </div>
        </div>
        <div
          class="handle"
        >
          <svg
            aria-hidden="true"
            class="svg-inline--fa fa-grip icon"
            data-icon="grip"
            data-prefix="fas"
            role="img"
            viewBox="0 0 512 512"
          >
            <path
              d="M88 96c22.1 0 40 17.9 40 40l0 48c0 22.1-17.9 40-40 40l-48 0c-22.1 0-40-17.9-40-40l0-48c0-22.1 17.9-40 40-40l48 0zM280 224l-48 0c-22.1 0-40-17.9-40-40l0-48c0-22.1 17.9-40 40-40l48 0c22.1 0 40 17.9 40 40l0 48c0 22.1-17.9 40-40 40zm192 0l-48 0c-22.1 0-40-17.9-40-40l0-48c0-22.1 17.9-40 40-40l48 0c22.1 0 40 17.9 40 40l0 48c0 22.1-17.9 40-40 40zm0 192l-48 0c-22.1 0-40-17.9-40-40l0-48c0-22.1 17.9-40 40-40l48 0c22.1 0 40 17.9 40 40l0 48c0 22.1-17.9 40-40 40zM280 288c22.1 0 40 17.9 40 40l0 48c0 22.1-17.9 40-40 40l-48 0c-22.1 0-40-17.9-40-40l0-48c0-22.1 17.9-40 40-40l48 0zM88 416l-48 0c-22.1 0-40-17.9-40-40l0-48c0-22.1 17.9-40 40-40l48 0c22.1 0 40 17.9 40 40l0 48c0 22.1-17.9 40-40 40z"
              fill="currentColor"
            />
          </svg>
        </div>
      </div>
      <div
        class="option"
      >
        <div
          class="content"
        >
          <div
            data-testid="textfield-multi-choice-option-_r_1k_-2"
          >
            <input
              data-testid="input-multi-choice-option-_r_1k_-2"
              id="multi-choice-option-_r_1k_-2"
              placeholder="Option 3"
              value=""
            />
            <input
              data-testid="check-multi-choice-option-_r_1k_-2"
              type="checkbox"
            />
          </div>
        </div>
        <div
          class="handle"
        >
          <svg
            aria-hidden="true"
            class="svg-inline--fa fa-grip icon"
            data-icon="grip"
            data-prefix="fas"
            role="img"
            viewBox="0 0 512 512"
          >
            <path
              d="M88 96c22.1 0 40 17.9 40 40l0 48c0 22.1-17.9 40-40 40l-48 0c-22.1 0-40-17.9-40-40l0-48c0-22.1 17.9-40 40-40l48 0zM280 224l-48 0c-22.1 0-40-17.9-40-40l0-48c0-22.1 17.9-40 40-40l48 0c22.1 0 40 17.9 40 40l0 48c0 22.1-17.9 40-40 40zm192 0l-48 0c-22.1 0-40-17.9-40-40l0-48c0-22.1 17.9-40 40-40l48 0c22.1 0 40 17.9 40 40l0 48c0 22.1-17.9 40-40 40zm0 192l-48 0c-22.1 0-40-17.9-40-40l0-48c0-22.1 17.9-40 40-40l48 0c22.1 0 40 17.9 40 40l0 48c0 22.1-17.9 40-40 40zM280 288c22.1 0 40 17.9 40 40l0 48c0 22.1-17.9 40-40 40l-48 0c-22.1 0-40-17.9-40-40l0-48c0-22.1 17.9-40 40-40l48 0zM88 416l-48 0c-22.1 0-40-17.9-40-40l0-48c0-22.1 17.9-40 40-40l48 0c22.1 0 40 17.9 40 40l0 48c0 22.1-17.9 40-40 40z"
              fill="currentColor"
            />
          </svg>
        </div>
      </div>
      <div
        class="option"
      >
        <div
          class="content"
        >
          <div
            data-testid="textfield-multi-choice-option-_r_1k_-3"
          >
            <input
              data-testid="input-multi-choice-option-_r_1k_-3"
              id="multi-choice-option-_r_1k_-3"
              placeholder="Option 4"
              value=""
            />
            <input
              data-testid="check-multi-choice-option-_r_1k_-3"
              type="checkbox"
            />
          </div>
        </div>
        <div
          class="handle"
        >
          <svg
            aria-hidden="true"
            class="svg-inline--fa fa-grip icon"
            data-icon="grip"
            data-prefix="fas"
            role="img"
            viewBox="0 0 512 512"
          >
            <path
              d="M88 96c22.1 0 40 17.9 40 40l0 48c0 22.1-17.9 40-40 40l-48 0c-22.1 0-40-17.9-40-40l0-48c0-22.1 17.9-40 40-40l48 0zM280 224l-48 0c-22.1 0-40-17.9-40-40l0-48c0-22.1 17.9-40 40-40l48 0c22.1 0 40 17.9 40 40l0 48c0 22.1-17.9 40-40 40zm192 0l-48 0c-22.1 0-40-17.9-40-40l0-48c0-22.1 17.9-40 40-40l48 0c22.1 0 40 17.9 40 40l0 48c0 22.1-17.9 40-40 40zm0 192l-48 0c-22.1 0-40-17.9-40-40l0-48c0-22.1 17.9-40 40-40l48 0c22.1 0 40 17.9 40 40l0 48c0 22.1-17.9 40-40 40zM280 288c22.1 0 40 17.9 40 40l0 48c0 22.1-17.9 40-40 40l-48 0c-22.1 0-40-17.9-40-40l0-48c0-22.1 17.9-40 40-40l48 0zM88 416l-48 0c-22.1 0-40-17.9-40-40l0-48c0-22.1 17.9-40 40-40l48 0c22.1 0 40 17.9 40 40l0 48c0 22.1-17.9 40-40 40z"
              fill="currentColor"
            />
          </svg>
        </div>
      </div>
      <div
        class="option"
      >
        <div
          class="content"
        >
          <div
            data-testid="textfield-multi-choice-option-_r_1k_-4"
          >
            <input
              data-testid="input-multi-choice-option-_r_1k_-4"
              id="multi-choice-option-_r_1k_-4"
              placeholder="Option 5"
              value=""
            />
            <input
              data-testid="check-multi-choice-option-_r_1k_-4"
              type="checkbox"
            />
          </div>
        </div>
        <div
          class="handle"
        >
          <svg
            aria-hidden="true"
            class="svg-inline--fa fa-grip icon"
            data-icon="grip"
            data-prefix="fas"
            role="img"
            viewBox="0 0 512 512"
          >
            <path
              d="M88 96c22.1 0 40 17.9 40 40l0 48c0 22.1-17.9 40-40 40l-48 0c-22.1 0-40-17.9-40-40l0-48c0-22.1 17.9-40 40-40l48 0zM280 224l-48 0c-22.1 0-40-17.9-40-40l0-48c0-22.1 17.9-40 40-40l48 0c22.1 0 40 17.9 40 40l0 48c0 22.1-17.9 40-40 40zm192 0l-48 0c-22.1 0-40-17.9-40-40l0-48c0-22.1 17.9-40 40-40l48 0c22.1 0 40 17.9 40 40l0 48c0 22.1-17.9 40-40 40zm0 192l-48 0c-22.1 0-40-17.9-40-40l0-48c0-22.1 17.9-40 40-40l48 0c22.1 0 40 17.9 40 40l0 48c0 22.1-17.9 40-40 40zM280 288c22.1 0 40 17.9 40 40l0 48c0 22.1-17.9 40-40 40l-48 0c-22.1 0-40-17.9-40-40l0-48c0-22.1 17.9-40 40-40l48 0zM88 416l-48 0c-22.1 0-40-17.9-40-40l0-48c0-22.1 17.9-40 40-40l48 0c22.1 0 40 17.9 40 40l0 48c0 22.1-17.9 40-40 40z"
              fill="currentColor"
            />
          </svg>
        </div>
      </div>
      <div
        class="option"
      >
        <div
          class="content"
        >
          <div
            data-testid="textfield-multi-choice-option-_r_1k_-5"
          >
            <input
              data-testid="input-multi-choice-option-_r_1k_-5"
              id="multi-choice-option-_r_1k_-5"
              placeholder="Option 6"
              value=""
            />
            <input
              data-testid="check-multi-choice-option-_r_1k_-5"
              type="checkbox"
            />
          </div>
        </div>
        <div
          class="handle"
        >
          <svg
            aria-hidden="true"
            class="svg-inline--fa fa-grip icon"
            data-icon="grip"
            data-prefix="fas"
            role="img"
            viewBox="0 0 512 512"
          >
            <path
              d="M88 96c22.1 0 40 17.9 40 40l0 48c0 22.1-17.9 40-40 40l-48 0c-22.1 0-40-17.9-40-40l0-48c0-22.1 17.9-40 40-40l48 0zM280 224l-48 0c-22.1 0-40-17.9-40-40l0-48c0-22.1 17.9-40 40-40l48 0c22.1 0 40 17.9 40 40l0 48c0 22.1-17.9 40-40 40zm192 0l-48 0c-22.1 0-40-17.9-40-40l0-48c0-22.1 17.9-40 40-40l48 0c22.1 0 40 17.9 40 40l0 48c0 22.1-17.9 40-40 40zm0 192l-48 0c-22.1 0-40-17.9-40-40l0-48c0-22.1 17.9-40 40-40l48 0c22.1 0 40 17.9 40 40l0 48c0 22.1-17.9 40-40 40zM280 288c22.1 0 40 17.9 40 40l0 48c0 22.1-17.9 40-40 40l-48 0c-22.1 0-40-17.9-40-40l0-48c0-22.1 17.9-40 40-40l48 0zM88 416l-48 0c-22.1 0-40-17.9-40-40l0-48c0-22.1 17.9-40 40-40l48 0c22.1 0 40 17.9 40 40l0 48c0 22.1-17.9 40-40 40z"
              fill="currentColor"
            />
          </svg>
        </div>
      </div>
    </div>
  </div>
</div>
`;

exports[`MultiChoiceOptions > hides error messages while dragging, then restores after drag end (snapshots) 2`] = `
<div>
  <div
    class="optionsContainer"
  >
    <div
      data-testid="dnd"
    >
      <div
        class="option"
      >
        <div
          class="content"
        >
          <div
            data-testid="textfield-multi-choice-option-_r_1k_-0"
          >
            <input
              data-testid="input-multi-choice-option-_r_1k_-0"
              id="multi-choice-option-_r_1k_-0"
              placeholder="Option 1"
              value=""
            />
            <input
              data-testid="check-multi-choice-option-_r_1k_-0"
              type="checkbox"
            />
          </div>
        </div>
        <div
          class="handle"
        >
          <svg
            aria-hidden="true"
            class="svg-inline--fa fa-grip icon"
            data-icon="grip"
            data-prefix="fas"
            role="img"
            viewBox="0 0 512 512"
          >
            <path
              d="M88 96c22.1 0 40 17.9 40 40l0 48c0 22.1-17.9 40-40 40l-48 0c-22.1 0-40-17.9-40-40l0-48c0-22.1 17.9-40 40-40l48 0zM280 224l-48 0c-22.1 0-40-17.9-40-40l0-48c0-22.1 17.9-40 40-40l48 0c22.1 0 40 17.9 40 40l0 48c0 22.1-17.9 40-40 40zm192 0l-48 0c-22.1 0-40-17.9-40-40l0-48c0-22.1 17.9-40 40-40l48 0c22.1 0 40 17.9 40 40l0 48c0 22.1-17.9 40-40 40zm0 192l-48 0c-22.1 0-40-17.9-40-40l0-48c0-22.1 17.9-40 40-40l48 0c22.1 0 40 17.9 40 40l0 48c0 22.1-17.9 40-40 40zM280 288c22.1 0 40 17.9 40 40l0 48c0 22.1-17.9 40-40 40l-48 0c-22.1 0-40-17.9-40-40l0-48c0-22.1 17.9-40 40-40l48 0zM88 416l-48 0c-22.1 0-40-17.9-40-40l0-48c0-22.1 17.9-40 40-40l48 0c22.1 0 40 17.9 40 40l0 48c0 22.1-17.9 40-40 40z"
              fill="currentColor"
            />
          </svg>
        </div>
      </div>
      <div
        class="option"
      >
        <div
          class="content"
        >
          <div
            data-testid="textfield-multi-choice-option-_r_1k_-1"
          >
            <input
              data-testid="input-multi-choice-option-_r_1k_-1"
              id="multi-choice-option-_r_1k_-1"
              placeholder="Option 2"
              value=""
            />
            <input
              data-testid="check-multi-choice-option-_r_1k_-1"
              type="checkbox"
            />
          </div>
        </div>
        <div
          class="handle"
        >
          <svg
            aria-hidden="true"
            class="svg-inline--fa fa-grip icon"
            data-icon="grip"
            data-prefix="fas"
            role="img"
            viewBox="0 0 512 512"
          >
            <path
              d="M88 96c22.1 0 40 17.9 40 40l0 48c0 22.1-17.9 40-40 40l-48 0c-22.1 0-40-17.9-40-40l0-48c0-22.1 17.9-40 40-40l48 0zM280 224l-48 0c-22.1 0-40-17.9-40-40l0-48c0-22.1 17.9-40 40-40l48 0c22.1 0 40 17.9 40 40l0 48c0 22.1-17.9 40-40 40zm192 0l-48 0c-22.1 0-40-17.9-40-40l0-48c0-22.1 17.9-40 40-40l48 0c22.1 0 40 17.9 40 40l0 48c0 22.1-17.9 40-40 40zm0 192l-48 0c-22.1 0-40-17.9-40-40l0-48c0-22.1 17.9-40 40-40l48 0c22.1 0 40 17.9 40 40l0 48c0 22.1-17.9 40-40 40zM280 288c22.1 0 40 17.9 40 40l0 48c0 22.1-17.9 40-40 40l-48 0c-22.1 0-40-17.9-40-40l0-48c0-22.1 17.9-40 40-40l48 0zM88 416l-48 0c-22.1 0-40-17.9-40-40l0-48c0-22.1 17.9-40 40-40l48 0c22.1 0 40 17.9 40 40l0 48c0 22.1-17.9 40-40 40z"
              fill="currentColor"
            />
          </svg>
        </div>
      </div>
      <div
        class="option"
      >
        <div
          class="content"
        >
          <div
            data-testid="textfield-multi-choice-option-_r_1k_-2"
          >
            <input
              data-testid="input-multi-choice-option-_r_1k_-2"
              id="multi-choice-option-_r_1k_-2"
              placeholder="Option 3"
              value=""
            />
            <input
              data-testid="check-multi-choice-option-_r_1k_-2"
              type="checkbox"
            />
          </div>
        </div>
        <div
          class="handle"
        >
          <svg
            aria-hidden="true"
            class="svg-inline--fa fa-grip icon"
            data-icon="grip"
            data-prefix="fas"
            role="img"
            viewBox="0 0 512 512"
          >
            <path
              d="M88 96c22.1 0 40 17.9 40 40l0 48c0 22.1-17.9 40-40 40l-48 0c-22.1 0-40-17.9-40-40l0-48c0-22.1 17.9-40 40-40l48 0zM280 224l-48 0c-22.1 0-40-17.9-40-40l0-48c0-22.1 17.9-40 40-40l48 0c22.1 0 40 17.9 40 40l0 48c0 22.1-17.9 40-40 40zm192 0l-48 0c-22.1 0-40-17.9-40-40l0-48c0-22.1 17.9-40 40-40l48 0c22.1 0 40 17.9 40 40l0 48c0 22.1-17.9 40-40 40zm0 192l-48 0c-22.1 0-40-17.9-40-40l0-48c0-22.1 17.9-40 40-40l48 0c22.1 0 40 17.9 40 40l0 48c0 22.1-17.9 40-40 40zM280 288c22.1 0 40 17.9 40 40l0 48c0 22.1-17.9 40-40 40l-48 0c-22.1 0-40-17.9-40-40l0-48c0-22.1 17.9-40 40-40l48 0zM88 416l-48 0c-22.1 0-40-17.9-40-40l0-48c0-22.1 17.9-40 40-40l48 0c22.1 0 40 17.9 40 40l0 48c0 22.1-17.9 40-40 40z"
              fill="currentColor"
            />
          </svg>
        </div>
      </div>
      <div
        class="option"
      >
        <div
          class="content"
        >
          <div
            data-testid="textfield-multi-choice-option-_r_1k_-3"
          >
            <input
              data-testid="input-multi-choice-option-_r_1k_-3"
              id="multi-choice-option-_r_1k_-3"
              placeholder="Option 4"
              value=""
            />
            <input
              data-testid="check-multi-choice-option-_r_1k_-3"
              type="checkbox"
            />
          </div>
        </div>
        <div
          class="handle"
        >
          <svg
            aria-hidden="true"
            class="svg-inline--fa fa-grip icon"
            data-icon="grip"
            data-prefix="fas"
            role="img"
            viewBox="0 0 512 512"
          >
            <path
              d="M88 96c22.1 0 40 17.9 40 40l0 48c0 22.1-17.9 40-40 40l-48 0c-22.1 0-40-17.9-40-40l0-48c0-22.1 17.9-40 40-40l48 0zM280 224l-48 0c-22.1 0-40-17.9-40-40l0-48c0-22.1 17.9-40 40-40l48 0c22.1 0 40 17.9 40 40l0 48c0 22.1-17.9 40-40 40zm192 0l-48 0c-22.1 0-40-17.9-40-40l0-48c0-22.1 17.9-40 40-40l48 0c22.1 0 40 17.9 40 40l0 48c0 22.1-17.9 40-40 40zm0 192l-48 0c-22.1 0-40-17.9-40-40l0-48c0-22.1 17.9-40 40-40l48 0c22.1 0 40 17.9 40 40l0 48c0 22.1-17.9 40-40 40zM280 288c22.1 0 40 17.9 40 40l0 48c0 22.1-17.9 40-40 40l-48 0c-22.1 0-40-17.9-40-40l0-48c0-22.1 17.9-40 40-40l48 0zM88 416l-48 0c-22.1 0-40-17.9-40-40l0-48c0-22.1 17.9-40 40-40l48 0c22.1 0 40 17.9 40 40l0 48c0 22.1-17.9 40-40 40z"
              fill="currentColor"
            />
          </svg>
        </div>
      </div>
      <div
        class="option"
      >
        <div
          class="content"
        >
          <div
            data-testid="textfield-multi-choice-option-_r_1k_-4"
          >
            <input
              data-testid="input-multi-choice-option-_r_1k_-4"
              id="multi-choice-option-_r_1k_-4"
              placeholder="Option 5"
              value=""
            />
            <input
              data-testid="check-multi-choice-option-_r_1k_-4"
              type="checkbox"
            />
          </div>
        </div>
        <div
          class="handle"
        >
          <svg
            aria-hidden="true"
            class="svg-inline--fa fa-grip icon"
            data-icon="grip"
            data-prefix="fas"
            role="img"
            viewBox="0 0 512 512"
          >
            <path
              d="M88 96c22.1 0 40 17.9 40 40l0 48c0 22.1-17.9 40-40 40l-48 0c-22.1 0-40-17.9-40-40l0-48c0-22.1 17.9-40 40-40l48 0zM280 224l-48 0c-22.1 0-40-17.9-40-40l0-48c0-22.1 17.9-40 40-40l48 0c22.1 0 40 17.9 40 40l0 48c0 22.1-17.9 40-40 40zm192 0l-48 0c-22.1 0-40-17.9-40-40l0-48c0-22.1 17.9-40 40-40l48 0c22.1 0 40 17.9 40 40l0 48c0 22.1-17.9 40-40 40zm0 192l-48 0c-22.1 0-40-17.9-40-40l0-48c0-22.1 17.9-40 40-40l48 0c22.1 0 40 17.9 40 40l0 48c0 22.1-17.9 40-40 40zM280 288c22.1 0 40 17.9 40 40l0 48c0 22.1-17.9 40-40 40l-48 0c-22.1 0-40-17.9-40-40l0-48c0-22.1 17.9-40 40-40l48 0zM88 416l-48 0c-22.1 0-40-17.9-40-40l0-48c0-22.1 17.9-40 40-40l48 0c22.1 0 40 17.9 40 40l0 48c0 22.1-17.9 40-40 40z"
              fill="currentColor"
            />
          </svg>
        </div>
      </div>
      <div
        class="option"
      >
        <div
          class="content"
        >
          <div
            data-testid="textfield-multi-choice-option-_r_1k_-5"
          >
            <input
              data-testid="input-multi-choice-option-_r_1k_-5"
              id="multi-choice-option-_r_1k_-5"
              placeholder="Option 6"
              value=""
            />
            <input
              data-testid="check-multi-choice-option-_r_1k_-5"
              type="checkbox"
            />
          </div>
        </div>
        <div
          class="handle"
        >
          <svg
            aria-hidden="true"
            class="svg-inline--fa fa-grip icon"
            data-icon="grip"
            data-prefix="fas"
            role="img"
            viewBox="0 0 512 512"
          >
            <path
              d="M88 96c22.1 0 40 17.9 40 40l0 48c0 22.1-17.9 40-40 40l-48 0c-22.1 0-40-17.9-40-40l0-48c0-22.1 17.9-40 40-40l48 0zM280 224l-48 0c-22.1 0-40-17.9-40-40l0-48c0-22.1 17.9-40 40-40l48 0c22.1 0 40 17.9 40 40l0 48c0 22.1-17.9 40-40 40zm192 0l-48 0c-22.1 0-40-17.9-40-40l0-48c0-22.1 17.9-40 40-40l48 0c22.1 0 40 17.9 40 40l0 48c0 22.1-17.9 40-40 40zm0 192l-48 0c-22.1 0-40-17.9-40-40l0-48c0-22.1 17.9-40 40-40l48 0c22.1 0 40 17.9 40 40l0 48c0 22.1-17.9 40-40 40zM280 288c22.1 0 40 17.9 40 40l0 48c0 22.1-17.9 40-40 40l-48 0c-22.1 0-40-17.9-40-40l0-48c0-22.1 17.9-40 40-40l48 0zM88 416l-48 0c-22.1 0-40-17.9-40-40l0-48c0-22.1 17.9-40 40-40l48 0c22.1 0 40 17.9 40 40l0 48c0 22.1-17.9 40-40 40z"
              fill="currentColor"
            />
          </svg>
        </div>
      </div>
    </div>
  </div>
</div>
`;

exports[`MultiChoiceOptions > renders and matches snapshot 1`] = `
<div>
  <div
    class="optionsContainer"
  >
    <div
      data-testid="dnd"
    >
      <div
        class="option"
      >
        <div
          class="content"
        >
          <div
            data-testid="textfield-multi-choice-option-_r_0_-0"
          >
            <input
              data-testid="input-multi-choice-option-_r_0_-0"
              id="multi-choice-option-_r_0_-0"
              placeholder="Option 1"
              value=""
            />
            <input
              data-testid="check-multi-choice-option-_r_0_-0"
              type="checkbox"
            />
          </div>
        </div>
        <div
          class="handle"
        >
          <svg
            aria-hidden="true"
            class="svg-inline--fa fa-grip icon"
            data-icon="grip"
            data-prefix="fas"
            role="img"
            viewBox="0 0 512 512"
          >
            <path
              d="M88 96c22.1 0 40 17.9 40 40l0 48c0 22.1-17.9 40-40 40l-48 0c-22.1 0-40-17.9-40-40l0-48c0-22.1 17.9-40 40-40l48 0zM280 224l-48 0c-22.1 0-40-17.9-40-40l0-48c0-22.1 17.9-40 40-40l48 0c22.1 0 40 17.9 40 40l0 48c0 22.1-17.9 40-40 40zm192 0l-48 0c-22.1 0-40-17.9-40-40l0-48c0-22.1 17.9-40 40-40l48 0c22.1 0 40 17.9 40 40l0 48c0 22.1-17.9 40-40 40zm0 192l-48 0c-22.1 0-40-17.9-40-40l0-48c0-22.1 17.9-40 40-40l48 0c22.1 0 40 17.9 40 40l0 48c0 22.1-17.9 40-40 40zM280 288c22.1 0 40 17.9 40 40l0 48c0 22.1-17.9 40-40 40l-48 0c-22.1 0-40-17.9-40-40l0-48c0-22.1 17.9-40 40-40l48 0zM88 416l-48 0c-22.1 0-40-17.9-40-40l0-48c0-22.1 17.9-40 40-40l48 0c22.1 0 40 17.9 40 40l0 48c0 22.1-17.9 40-40 40z"
              fill="currentColor"
            />
          </svg>
        </div>
      </div>
      <div
        class="option"
      >
        <div
          class="content"
        >
          <div
            data-testid="textfield-multi-choice-option-_r_0_-1"
          >
            <input
              data-testid="input-multi-choice-option-_r_0_-1"
              id="multi-choice-option-_r_0_-1"
              placeholder="Option 2"
              value=""
            />
            <input
              data-testid="check-multi-choice-option-_r_0_-1"
              type="checkbox"
            />
          </div>
        </div>
        <div
          class="handle"
        >
          <svg
            aria-hidden="true"
            class="svg-inline--fa fa-grip icon"
            data-icon="grip"
            data-prefix="fas"
            role="img"
            viewBox="0 0 512 512"
          >
            <path
              d="M88 96c22.1 0 40 17.9 40 40l0 48c0 22.1-17.9 40-40 40l-48 0c-22.1 0-40-17.9-40-40l0-48c0-22.1 17.9-40 40-40l48 0zM280 224l-48 0c-22.1 0-40-17.9-40-40l0-48c0-22.1 17.9-40 40-40l48 0c22.1 0 40 17.9 40 40l0 48c0 22.1-17.9 40-40 40zm192 0l-48 0c-22.1 0-40-17.9-40-40l0-48c0-22.1 17.9-40 40-40l48 0c22.1 0 40 17.9 40 40l0 48c0 22.1-17.9 40-40 40zm0 192l-48 0c-22.1 0-40-17.9-40-40l0-48c0-22.1 17.9-40 40-40l48 0c22.1 0 40 17.9 40 40l0 48c0 22.1-17.9 40-40 40zM280 288c22.1 0 40 17.9 40 40l0 48c0 22.1-17.9 40-40 40l-48 0c-22.1 0-40-17.9-40-40l0-48c0-22.1 17.9-40 40-40l48 0zM88 416l-48 0c-22.1 0-40-17.9-40-40l0-48c0-22.1 17.9-40 40-40l48 0c22.1 0 40 17.9 40 40l0 48c0 22.1-17.9 40-40 40z"
              fill="currentColor"
            />
          </svg>
        </div>
      </div>
      <div
        class="option"
      >
        <div
          class="content"
        >
          <div
            data-testid="textfield-multi-choice-option-_r_0_-2"
          >
            <input
              data-testid="input-multi-choice-option-_r_0_-2"
              id="multi-choice-option-_r_0_-2"
              placeholder="Option 3"
              value=""
            />
            <input
              data-testid="check-multi-choice-option-_r_0_-2"
              type="checkbox"
            />
          </div>
        </div>
        <div
          class="handle"
        >
          <svg
            aria-hidden="true"
            class="svg-inline--fa fa-grip icon"
            data-icon="grip"
            data-prefix="fas"
            role="img"
            viewBox="0 0 512 512"
          >
            <path
              d="M88 96c22.1 0 40 17.9 40 40l0 48c0 22.1-17.9 40-40 40l-48 0c-22.1 0-40-17.9-40-40l0-48c0-22.1 17.9-40 40-40l48 0zM280 224l-48 0c-22.1 0-40-17.9-40-40l0-48c0-22.1 17.9-40 40-40l48 0c22.1 0 40 17.9 40 40l0 48c0 22.1-17.9 40-40 40zm192 0l-48 0c-22.1 0-40-17.9-40-40l0-48c0-22.1 17.9-40 40-40l48 0c22.1 0 40 17.9 40 40l0 48c0 22.1-17.9 40-40 40zm0 192l-48 0c-22.1 0-40-17.9-40-40l0-48c0-22.1 17.9-40 40-40l48 0c22.1 0 40 17.9 40 40l0 48c0 22.1-17.9 40-40 40zM280 288c22.1 0 40 17.9 40 40l0 48c0 22.1-17.9 40-40 40l-48 0c-22.1 0-40-17.9-40-40l0-48c0-22.1 17.9-40 40-40l48 0zM88 416l-48 0c-22.1 0-40-17.9-40-40l0-48c0-22.1 17.9-40 40-40l48 0c22.1 0 40 17.9 40 40l0 48c0 22.1-17.9 40-40 40z"
              fill="currentColor"
            />
          </svg>
        </div>
      </div>
      <div
        class="option"
      >
        <div
          class="content"
        >
          <div
            data-testid="textfield-multi-choice-option-_r_0_-3"
          >
            <input
              data-testid="input-multi-choice-option-_r_0_-3"
              id="multi-choice-option-_r_0_-3"
              placeholder="Option 4"
              value=""
            />
            <input
              data-testid="check-multi-choice-option-_r_0_-3"
              type="checkbox"
            />
          </div>
        </div>
        <div
          class="handle"
        >
          <svg
            aria-hidden="true"
            class="svg-inline--fa fa-grip icon"
            data-icon="grip"
            data-prefix="fas"
            role="img"
            viewBox="0 0 512 512"
          >
            <path
              d="M88 96c22.1 0 40 17.9 40 40l0 48c0 22.1-17.9 40-40 40l-48 0c-22.1 0-40-17.9-40-40l0-48c0-22.1 17.9-40 40-40l48 0zM280 224l-48 0c-22.1 0-40-17.9-40-40l0-48c0-22.1 17.9-40 40-40l48 0c22.1 0 40 17.9 40 40l0 48c0 22.1-17.9 40-40 40zm192 0l-48 0c-22.1 0-40-17.9-40-40l0-48c0-22.1 17.9-40 40-40l48 0c22.1 0 40 17.9 40 40l0 48c0 22.1-17.9 40-40 40zm0 192l-48 0c-22.1 0-40-17.9-40-40l0-48c0-22.1 17.9-40 40-40l48 0c22.1 0 40 17.9 40 40l0 48c0 22.1-17.9 40-40 40zM280 288c22.1 0 40 17.9 40 40l0 48c0 22.1-17.9 40-40 40l-48 0c-22.1 0-40-17.9-40-40l0-48c0-22.1 17.9-40 40-40l48 0zM88 416l-48 0c-22.1 0-40-17.9-40-40l0-48c0-22.1 17.9-40 40-40l48 0c22.1 0 40 17.9 40 40l0 48c0 22.1-17.9 40-40 40z"
              fill="currentColor"
            />
          </svg>
        </div>
      </div>
      <div
        class="option"
      >
        <div
          class="content"
        >
          <div
            data-testid="textfield-multi-choice-option-_r_0_-4"
          >
            <input
              data-testid="input-multi-choice-option-_r_0_-4"
              id="multi-choice-option-_r_0_-4"
              placeholder="Option 5"
              value=""
            />
            <input
              data-testid="check-multi-choice-option-_r_0_-4"
              type="checkbox"
            />
          </div>
        </div>
        <div
          class="handle"
        >
          <svg
            aria-hidden="true"
            class="svg-inline--fa fa-grip icon"
            data-icon="grip"
            data-prefix="fas"
            role="img"
            viewBox="0 0 512 512"
          >
            <path
              d="M88 96c22.1 0 40 17.9 40 40l0 48c0 22.1-17.9 40-40 40l-48 0c-22.1 0-40-17.9-40-40l0-48c0-22.1 17.9-40 40-40l48 0zM280 224l-48 0c-22.1 0-40-17.9-40-40l0-48c0-22.1 17.9-40 40-40l48 0c22.1 0 40 17.9 40 40l0 48c0 22.1-17.9 40-40 40zm192 0l-48 0c-22.1 0-40-17.9-40-40l0-48c0-22.1 17.9-40 40-40l48 0c22.1 0 40 17.9 40 40l0 48c0 22.1-17.9 40-40 40zm0 192l-48 0c-22.1 0-40-17.9-40-40l0-48c0-22.1 17.9-40 40-40l48 0c22.1 0 40 17.9 40 40l0 48c0 22.1-17.9 40-40 40zM280 288c22.1 0 40 17.9 40 40l0 48c0 22.1-17.9 40-40 40l-48 0c-22.1 0-40-17.9-40-40l0-48c0-22.1 17.9-40 40-40l48 0zM88 416l-48 0c-22.1 0-40-17.9-40-40l0-48c0-22.1 17.9-40 40-40l48 0c22.1 0 40 17.9 40 40l0 48c0 22.1-17.9 40-40 40z"
              fill="currentColor"
            />
          </svg>
        </div>
      </div>
      <div
        class="option"
      >
        <div
          class="content"
        >
          <div
            data-testid="textfield-multi-choice-option-_r_0_-5"
          >
            <input
              data-testid="input-multi-choice-option-_r_0_-5"
              id="multi-choice-option-_r_0_-5"
              placeholder="Option 6"
              value=""
            />
            <input
              data-testid="check-multi-choice-option-_r_0_-5"
              type="checkbox"
            />
          </div>
        </div>
        <div
          class="handle"
        >
          <svg
            aria-hidden="true"
            class="svg-inline--fa fa-grip icon"
            data-icon="grip"
            data-prefix="fas"
            role="img"
            viewBox="0 0 512 512"
          >
            <path
              d="M88 96c22.1 0 40 17.9 40 40l0 48c0 22.1-17.9 40-40 40l-48 0c-22.1 0-40-17.9-40-40l0-48c0-22.1 17.9-40 40-40l48 0zM280 224l-48 0c-22.1 0-40-17.9-40-40l0-48c0-22.1 17.9-40 40-40l48 0c22.1 0 40 17.9 40 40l0 48c0 22.1-17.9 40-40 40zm192 0l-48 0c-22.1 0-40-17.9-40-40l0-48c0-22.1 17.9-40 40-40l48 0c22.1 0 40 17.9 40 40l0 48c0 22.1-17.9 40-40 40zm0 192l-48 0c-22.1 0-40-17.9-40-40l0-48c0-22.1 17.9-40 40-40l48 0c22.1 0 40 17.9 40 40l0 48c0 22.1-17.9 40-40 40zM280 288c22.1 0 40 17.9 40 40l0 48c0 22.1-17.9 40-40 40l-48 0c-22.1 0-40-17.9-40-40l0-48c0-22.1 17.9-40 40-40l48 0zM88 416l-48 0c-22.1 0-40-17.9-40-40l0-48c0-22.1 17.9-40 40-40l48 0c22.1 0 40 17.9 40 40l0 48c0 22.1-17.9 40-40 40z"
              fill="currentColor"
            />
          </svg>
        </div>
      </div>
    </div>
  </div>
</div>
`;
