// Vitest Snapshot v1, https://vitest.dev/guide/snapshot.html

exports[`TrueFalseOptions > reflects external value changes (rerender) and stays valid=true when value provided 1`] = `
<div>
  <div
    class="optionsContainer"
  >
    <div
      class="option"
    >
      <div
        class="content"
      >
        <div
          data-testid="tf-true-false-option-0-textfield"
        >
          <input
            data-testid="check-true-false-option-0-textfield"
            type="checkbox"
          />
        </div>
      </div>
    </div>
    <div
      class="option"
    >
      <div
        class="content"
      >
        <div
          data-testid="tf-true-false-option-1-textfield"
        >
          <input
            data-testid="check-true-false-option-1-textfield"
            type="checkbox"
          />
        </div>
      </div>
    </div>
  </div>
</div>
`;

exports[`TrueFalseOptions > reflects external value changes (rerender) and stays valid=true when value provided 2`] = `
<div>
  <div
    class="optionsContainer"
  >
    <div
      class="option"
    >
      <div
        class="content"
      >
        <div
          data-testid="tf-true-false-option-0-textfield"
        >
          <input
            data-testid="check-true-false-option-0-textfield"
            type="checkbox"
          />
        </div>
      </div>
    </div>
    <div
      class="option"
    >
      <div
        class="content"
      >
        <div
          data-testid="tf-true-false-option-1-textfield"
        >
          <input
            data-testid="check-true-false-option-1-textfield"
            type="checkbox"
          />
        </div>
      </div>
    </div>
  </div>
</div>
`;

exports[`TrueFalseOptions > reflects external value changes (rerender) and stays valid=true when value provided 3`] = `
<div>
  <div
    class="optionsContainer"
  >
    <div
      class="option"
    >
      <div
        class="content"
      >
        <div
          data-testid="tf-true-false-option-0-textfield"
        >
          <input
            data-testid="check-true-false-option-0-textfield"
            type="checkbox"
          />
        </div>
      </div>
    </div>
    <div
      class="option"
    >
      <div
        class="content"
      >
        <div
          data-testid="tf-true-false-option-1-textfield"
        >
          <input
            data-testid="check-true-false-option-1-textfield"
            type="checkbox"
          />
        </div>
      </div>
    </div>
  </div>
</div>
`;

exports[`TrueFalseOptions > renders and matches snapshot 1`] = `
<div>
  <div
    class="optionsContainer"
  >
    <div
      class="option"
    >
      <div
        class="content"
      >
        <div
          data-testid="tf-true-false-option-0-textfield"
        >
          <input
            data-testid="check-true-false-option-0-textfield"
            type="checkbox"
          />
        </div>
      </div>
    </div>
    <div
      class="option"
    >
      <div
        class="content"
      >
        <div
          data-testid="tf-true-false-option-1-textfield"
        >
          <input
            data-testid="check-true-false-option-1-textfield"
            type="checkbox"
          />
        </div>
      </div>
    </div>
  </div>
</div>
`;
