// Vitest Snapshot v1, https://vitest.dev/guide/snapshot.html

exports[`Textarea > should fire onChange when Textarea receives text 1`] = `
<div>
  <div
    class="container"
  >
    <textarea
      data-testid="test-my-textarea-textarea"
      id="my-textarea"
      name="my-textarea"
    />
  </div>
</div>
`;

exports[`Textarea > should render a Textarea with default props 1`] = `
<div>
  <div
    class="container"
  >
    <textarea
      data-testid="test-my-textarea-textarea"
      id="my-textarea"
      name="my-textarea"
    />
  </div>
</div>
`;
