// Vitest Snapshot v1, https://vitest.dev/guide/snapshot.html

exports[`AuthGamePage > authenticates with both id and pin and navigates to /join on success 1`] = `
<div>
  <div
    class="main"
  >
    <div
      class="header"
    >
      <button
        class="logo"
      >
        <img
          alt="Klurigo"
          class="icon"
          src="/src/assets/images/klurigo-icon.svg"
        />
        <span
          class="text"
        >
          Klurigo
        </span>
      </button>
      <div
        class="side"
      >
        <a
          data-discover="true"
          href="/auth/login"
        >
          Login
        </a>
      </div>
    </div>
    <div
      class="content centerAlign"
    >
      <div
        class="contentWrapper fullWidth"
      >
        <div
          class="contentInner"
        >
          <div
            class="loadingSpinnerContainer"
            data-testid="loading-spinner"
          >
            <div />
            <div />
            <div />
          </div>
        </div>
      </div>
    </div>
  </div>
</div>
`;

exports[`AuthGamePage > authenticates with gameId and navigates to /join on success 1`] = `
<div>
  <div
    class="main"
  >
    <div
      class="header"
    >
      <button
        class="logo"
      >
        <img
          alt="Klurigo"
          class="icon"
          src="/src/assets/images/klurigo-icon.svg"
        />
        <span
          class="text"
        >
          Klurigo
        </span>
      </button>
      <div
        class="side"
      >
        <a
          data-discover="true"
          href="/auth/login"
        >
          Login
        </a>
      </div>
    </div>
    <div
      class="content centerAlign"
    >
      <div
        class="contentWrapper fullWidth"
      >
        <div
          class="contentInner"
        >
          <div
            class="loadingSpinnerContainer"
            data-testid="loading-spinner"
          >
            <div />
            <div />
            <div />
          </div>
        </div>
      </div>
    </div>
  </div>
</div>
`;

exports[`AuthGamePage > authenticates with gamePIN and navigates to /join on success 1`] = `
<div>
  <div
    class="main"
  >
    <div
      class="header"
    >
      <button
        class="logo"
      >
        <img
          alt="Klurigo"
          class="icon"
          src="/src/assets/images/klurigo-icon.svg"
        />
        <span
          class="text"
        >
          Klurigo
        </span>
      </button>
      <div
        class="side"
      >
        <a
          data-discover="true"
          href="/auth/login"
        >
          Login
        </a>
      </div>
    </div>
    <div
      class="content centerAlign"
    >
      <div
        class="contentWrapper fullWidth"
      >
        <div
          class="contentInner"
        >
          <div
            class="loadingSpinnerContainer"
            data-testid="loading-spinner"
          >
            <div />
            <div />
            <div />
          </div>
        </div>
      </div>
    </div>
  </div>
</div>
`;

exports[`AuthGamePage > does nothing when no id or pin 1`] = `
<div>
  <div
    class="main"
  >
    <div
      class="header"
    >
      <button
        class="logo"
      >
        <img
          alt="Klurigo"
          class="icon"
          src="/src/assets/images/klurigo-icon.svg"
        />
        <span
          class="text"
        >
          Klurigo
        </span>
      </button>
      <div
        class="side"
      >
        <a
          data-discover="true"
          href="/auth/login"
        >
          Login
        </a>
      </div>
    </div>
    <div
      class="content centerAlign"
    >
      <div
        class="contentWrapper fullWidth"
      >
        <div
          class="contentInner"
        >
          <div
            class="loadingSpinnerContainer"
            data-testid="loading-spinner"
          >
            <div />
            <div />
            <div />
          </div>
        </div>
      </div>
    </div>
  </div>
</div>
`;

exports[`AuthGamePage > navigates home and notifies on failure 1`] = `
<div>
  <div
    class="main"
  >
    <div
      class="header"
    >
      <button
        class="logo"
      >
        <img
          alt="Klurigo"
          class="icon"
          src="/src/assets/images/klurigo-icon.svg"
        />
        <span
          class="text"
        >
          Klurigo
        </span>
      </button>
      <div
        class="side"
      >
        <a
          data-discover="true"
          href="/auth/login"
        >
          Login
        </a>
      </div>
    </div>
    <div
      class="content centerAlign"
    >
      <div
        class="contentWrapper fullWidth"
      >
        <div
          class="contentInner"
        >
          <div
            class="loadingSpinnerContainer"
            data-testid="loading-spinner"
          >
            <div />
            <div />
            <div />
          </div>
        </div>
      </div>
    </div>
  </div>
</div>
`;

exports[`AuthGamePage > runs only once even if user clicks back/forward causing re-render with same params 1`] = `
<div>
  <div
    class="main"
  >
    <div
      class="header"
    >
      <button
        class="logo"
      >
        <img
          alt="Klurigo"
          class="icon"
          src="/src/assets/images/klurigo-icon.svg"
        />
        <span
          class="text"
        >
          Klurigo
        </span>
      </button>
      <div
        class="side"
      >
        <a
          data-discover="true"
          href="/auth/login"
        >
          Login
        </a>
      </div>
    </div>
    <div
      class="content centerAlign"
    >
      <div
        class="contentWrapper fullWidth"
      >
        <div
          class="contentInner"
        >
          <div
            class="loadingSpinnerContainer"
            data-testid="loading-spinner"
          >
            <div />
            <div />
            <div />
          </div>
        </div>
      </div>
    </div>
  </div>
</div>
`;
